2026-07-22 00:20:17 | INFO     | hn_tracker | === Pipeline run started ===
2026-07-22 00:20:17 | INFO     | hn_tracker | Fetching page 1: https://news.ycombinator.com
2026-07-22 00:20:17 | INFO     | hn_tracker | Found 30 story rows in page.
2026-07-22 00:20:17 | INFO     | hn_tracker | Inserted 30 story snapshots from page 1.
2026-07-22 00:20:17 | INFO     | hn_tracker | Run complete. Inserted 30 rows this run (30 total rows in database).
2026-07-22 00:20:17 | INFO     | hn_tracker | === Pipeline run finished ===
2026-07-22 08:35:52 | INFO     | hn_tracker | === Pipeline run started ===
2026-07-22 08:35:52 | INFO     | hn_tracker | Fetching page 1: https://news.ycombinator.com
2026-07-22 08:35:52 | INFO     | hn_tracker | Found 30 story rows in page.
2026-07-22 08:35:52 | INFO     | hn_tracker | Inserted 30 story snapshots from page 1.
2026-07-22 08:35:52 | INFO     | hn_tracker | Run complete. Inserted 30 rows this run (60 total rows in database).
2026-07-22 08:35:52 | INFO     | hn_tracker | === Pipeline run finished ===
2026-07-22 14:07:14 | INFO     | hn_tracker | === Pipeline run started ===
2026-07-22 14:07:14 | INFO     | hn_tracker | Fetching page 1: https://news.ycombinator.com
2026-07-22 14:07:14 | INFO     | hn_tracker | Found 30 story rows in page.
2026-07-22 14:07:14 | INFO     | hn_tracker | Inserted 30 story snapshots from page 1.
2026-07-22 14:07:14 | INFO     | hn_tracker | Run complete. Inserted 30 rows this run (90 total rows in database).
2026-07-22 14:07:14 | INFO     | hn_tracker | === Pipeline run finished ===
2026-07-22 19:27:24 | INFO     | hn_tracker | === Pipeline run started ===
2026-07-22 19:27:24 | INFO     | hn_tracker | Fetching page 1: https://news.ycombinator.com
2026-07-22 19:27:24 | INFO     | hn_tracker | Found 30 story rows in page.
2026-07-22 19:27:24 | INFO     | hn_tracker | Inserted 30 story snapshots from page 1.
2026-07-22 19:27:24 | INFO     | hn_tracker | Run complete. Inserted 30 rows this run (120 total rows in database).
2026-07-22 19:27:24 | INFO     | hn_tracker | === Pipeline run finished ===
2026-07-23 03:20:49 | INFO     | hn_tracker | === Pipeline run started ===
2026-07-23 03:20:49 | INFO     | hn_tracker | Fetching page 1: https://news.ycombinator.com
2026-07-23 03:20:50 | INFO     | hn_tracker | Found 30 story rows in page.
2026-07-23 03:20:50 | INFO     | hn_tracker | Inserted 30 story snapshots from page 1.
2026-07-23 03:20:50 | INFO     | hn_tracker | Run complete. Inserted 30 rows this run (150 total rows in database).
2026-07-23 03:20:50 | INFO     | hn_tracker | === Pipeline run finished ===
2026-07-23 08:37:11 | INFO     | hn_tracker | === Pipeline run started ===
2026-07-23 08:37:11 | INFO     | hn_tracker | Fetching page 1: https://news.ycombinator.com
2026-07-23 08:37:11 | INFO     | hn_tracker | Found 30 story rows in page.
2026-07-23 08:37:11 | INFO     | hn_tracker | Inserted 30 story snapshots from page 1.
2026-07-23 08:37:11 | INFO     | hn_tracker | Run complete. Inserted 30 rows this run (180 total rows in database).
2026-07-23 08:37:11 | INFO     | hn_tracker | === Pipeline run finished ===
2026-07-23 14:12:11 | INFO     | hn_tracker | === Pipeline run started ===
2026-07-23 14:12:11 | INFO     | hn_tracker | Fetching page 1: https://news.ycombinator.com
2026-07-23 14:12:11 | INFO     | hn_tracker | Found 30 story rows in page.
2026-07-23 14:12:11 | INFO     | hn_tracker | Inserted 30 story snapshots from page 1.
2026-07-23 14:12:11 | INFO     | hn_tracker | Run complete. Inserted 30 rows this run (210 total rows in database).
2026-07-23 14:12:11 | INFO     | hn_tracker | === Pipeline run finished ===
2026-07-23 19:25:23 | INFO     | hn_tracker | === Pipeline run started ===
2026-07-23 19:25:23 | INFO     | hn_tracker | Fetching page 1: https://news.ycombinator.com
2026-07-23 19:25:23 | INFO     | hn_tracker | Found 30 story rows in page.
2026-07-23 19:25:23 | INFO     | hn_tracker | Inserted 30 story snapshots from page 1.
2026-07-23 19:25:23 | INFO     | hn_tracker | Run complete. Inserted 30 rows this run (240 total rows in database).
2026-07-23 19:25:23 | INFO     | hn_tracker | === Pipeline run finished ===
2026-07-24 03:14:57 | INFO     | hn_tracker | === Pipeline run started ===
2026-07-24 03:14:57 | INFO     | hn_tracker | Fetching page 1: https://news.ycombinator.com
2026-07-24 03:14:57 | INFO     | hn_tracker | Found 30 story rows in page.
2026-07-24 03:14:57 | INFO     | hn_tracker | Inserted 30 story snapshots from page 1.
2026-07-24 03:14:57 | INFO     | hn_tracker | Run complete. Inserted 30 rows this run (270 total rows in database).
2026-07-24 03:14:57 | INFO     | hn_tracker | === Pipeline run finished ===
2026-07-24 08:33:41 | INFO     | hn_tracker | === Pipeline run started ===
2026-07-24 08:33:41 | INFO     | hn_tracker | Fetching page 1: https://news.ycombinator.com
2026-07-24 08:33:41 | INFO     | hn_tracker | Found 30 story rows in page.
2026-07-24 08:33:41 | INFO     | hn_tracker | Inserted 30 story snapshots from page 1.
2026-07-24 08:33:41 | INFO     | hn_tracker | Run complete. Inserted 30 rows this run (300 total rows in database).
2026-07-24 08:33:41 | INFO     | hn_tracker | === Pipeline run finished ===
2026-07-24 13:54:27 | INFO     | hn_tracker | === Pipeline run started ===
2026-07-24 13:54:27 | INFO     | hn_tracker | Fetching page 1: https://news.ycombinator.com
2026-07-24 13:54:27 | INFO     | hn_tracker | Found 30 story rows in page.
2026-07-24 13:54:27 | INFO     | hn_tracker | Inserted 30 story snapshots from page 1.
2026-07-24 13:54:27 | INFO     | hn_tracker | Run complete. Inserted 30 rows this run (330 total rows in database).
2026-07-24 13:54:27 | INFO     | hn_tracker | === Pipeline run finished ===
2026-07-24 19:36:16 | INFO     | hn_tracker | === Pipeline run started ===
2026-07-24 19:36:16 | INFO     | hn_tracker | Fetching page 1: https://news.ycombinator.com
2026-07-24 19:36:16 | INFO     | hn_tracker | Found 30 story rows in page.
2026-07-24 19:36:16 | INFO     | hn_tracker | Inserted 30 story snapshots from page 1.
2026-07-24 19:36:16 | INFO     | hn_tracker | Run complete. Inserted 30 rows this run (360 total rows in database).
2026-07-24 19:36:16 | INFO     | hn_tracker | === Pipeline run finished ===
2026-07-25 03:12:46 | INFO     | hn_tracker | === Pipeline run started ===
2026-07-25 03:12:46 | INFO     | hn_tracker | Fetching page 1: https://news.ycombinator.com
2026-07-25 03:12:47 | INFO     | hn_tracker | Found 30 story rows in page.
2026-07-25 03:12:47 | INFO     | hn_tracker | Inserted 30 story snapshots from page 1.
2026-07-25 03:12:47 | INFO     | hn_tracker | Run complete. Inserted 30 rows this run (390 total rows in database).
2026-07-25 03:12:47 | INFO     | hn_tracker | === Pipeline run finished ===
2026-07-25 08:12:52 | INFO     | hn_tracker | === Pipeline run started ===
2026-07-25 08:12:52 | INFO     | hn_tracker | Fetching page 1: https://news.ycombinator.com
2026-07-25 08:12:53 | INFO     | hn_tracker | Found 30 story rows in page.
2026-07-25 08:12:53 | INFO     | hn_tracker | Inserted 30 story snapshots from page 1.
2026-07-25 08:12:53 | INFO     | hn_tracker | Run complete. Inserted 30 rows this run (420 total rows in database).
2026-07-25 08:12:53 | INFO     | hn_tracker | === Pipeline run finished ===
2026-07-25 13:45:07 | INFO     | hn_tracker | === Pipeline run started ===
2026-07-25 13:45:07 | INFO     | hn_tracker | Fetching page 1: https://news.ycombinator.com
2026-07-25 13:45:07 | INFO     | hn_tracker | Found 30 story rows in page.
2026-07-25 13:45:07 | INFO     | hn_tracker | Inserted 30 story snapshots from page 1.
2026-07-25 13:45:07 | INFO     | hn_tracker | Run complete. Inserted 30 rows this run (450 total rows in database).
2026-07-25 13:45:07 | INFO     | hn_tracker | === Pipeline run finished ===
2026-07-25 19:14:40 | INFO     | hn_tracker | === Pipeline run started ===
2026-07-25 19:14:40 | INFO     | hn_tracker | Fetching page 1: https://news.ycombinator.com
2026-07-25 19:14:40 | INFO     | hn_tracker | Found 30 story rows in page.
2026-07-25 19:14:40 | INFO     | hn_tracker | Inserted 30 story snapshots from page 1.
2026-07-25 19:14:40 | INFO     | hn_tracker | Run complete. Inserted 30 rows this run (480 total rows in database).
2026-07-25 19:14:40 | INFO     | hn_tracker | === Pipeline run finished ===
2026-07-26 03:26:28 | INFO     | hn_tracker | === Pipeline run started ===
2026-07-26 03:26:28 | INFO     | hn_tracker | Fetching page 1: https://news.ycombinator.com
2026-07-26 03:26:28 | INFO     | hn_tracker | Found 30 story rows in page.
2026-07-26 03:26:29 | INFO     | hn_tracker | Inserted 30 story snapshots from page 1.
2026-07-26 03:26:29 | INFO     | hn_tracker | Run complete. Inserted 30 rows this run (510 total rows in database).
2026-07-26 03:26:29 | INFO     | hn_tracker | === Pipeline run finished ===
2026-07-26 08:33:07 | INFO     | hn_tracker | === Pipeline run started ===
2026-07-26 08:33:07 | INFO     | hn_tracker | Fetching page 1: https://news.ycombinator.com
2026-07-26 08:33:08 | INFO     | hn_tracker | Found 30 story rows in page.
2026-07-26 08:33:08 | INFO     | hn_tracker | Inserted 30 story snapshots from page 1.
2026-07-26 08:33:08 | INFO     | hn_tracker | Run complete. Inserted 30 rows this run (540 total rows in database).
2026-07-26 08:33:08 | INFO     | hn_tracker | === Pipeline run finished ===
2026-07-26 13:39:30 | INFO     | hn_tracker | === Pipeline run started ===
2026-07-26 13:39:30 | INFO     | hn_tracker | Fetching page 1: https://news.ycombinator.com
2026-07-26 13:39:30 | INFO     | hn_tracker | Found 30 story rows in page.
2026-07-26 13:39:30 | INFO     | hn_tracker | Inserted 30 story snapshots from page 1.
2026-07-26 13:39:30 | INFO     | hn_tracker | Run complete. Inserted 30 rows this run (570 total rows in database).
2026-07-26 13:39:30 | INFO     | hn_tracker | === Pipeline run finished ===
2026-07-26 19:18:23 | INFO     | hn_tracker | === Pipeline run started ===
2026-07-26 19:18:23 | INFO     | hn_tracker | Fetching page 1: https://news.ycombinator.com
2026-07-26 19:18:23 | INFO     | hn_tracker | Found 30 story rows in page.
2026-07-26 19:18:23 | INFO     | hn_tracker | Inserted 30 story snapshots from page 1.
2026-07-26 19:18:23 | INFO     | hn_tracker | Run complete. Inserted 30 rows this run (600 total rows in database).
2026-07-26 19:18:23 | INFO     | hn_tracker | === Pipeline run finished ===
2026-07-27 03:35:28 | INFO     | hn_tracker | === Pipeline run started ===
2026-07-27 03:35:28 | INFO     | hn_tracker | Fetching page 1: https://news.ycombinator.com
2026-07-27 03:35:28 | INFO     | hn_tracker | Found 30 story rows in page.
2026-07-27 03:35:28 | INFO     | hn_tracker | Inserted 30 story snapshots from page 1.
2026-07-27 03:35:28 | INFO     | hn_tracker | Run complete. Inserted 30 rows this run (630 total rows in database).
2026-07-27 03:35:28 | INFO     | hn_tracker | === Pipeline run finished ===
2026-07-27 09:59:34 | INFO     | hn_tracker | === Pipeline run started ===
2026-07-27 09:59:34 | INFO     | hn_tracker | Fetching page 1: https://news.ycombinator.com
2026-07-27 09:59:34 | INFO     | hn_tracker | Found 30 story rows in page.
2026-07-27 09:59:34 | INFO     | hn_tracker | Inserted 30 story snapshots from page 1.
2026-07-27 09:59:34 | INFO     | hn_tracker | Run complete. Inserted 30 rows this run (660 total rows in database).
2026-07-27 09:59:34 | INFO     | hn_tracker | === Pipeline run finished ===
2026-07-27 14:46:29 | INFO     | hn_tracker | === Pipeline run started ===
2026-07-27 14:46:29 | INFO     | hn_tracker | Fetching page 1: https://news.ycombinator.com
2026-07-27 14:46:29 | INFO     | hn_tracker | Found 30 story rows in page.
2026-07-27 14:46:29 | INFO     | hn_tracker | Inserted 30 story snapshots from page 1.
2026-07-27 14:46:29 | INFO     | hn_tracker | Run complete. Inserted 30 rows this run (690 total rows in database).
2026-07-27 14:46:29 | INFO     | hn_tracker | === Pipeline run finished ===
2026-07-27 19:41:44 | INFO     | hn_tracker | === Pipeline run started ===
2026-07-27 19:41:44 | INFO     | hn_tracker | Fetching page 1: https://news.ycombinator.com
2026-07-27 19:41:44 | INFO     | hn_tracker | Found 30 story rows in page.
2026-07-27 19:41:44 | INFO     | hn_tracker | Inserted 30 story snapshots from page 1.
2026-07-27 19:41:44 | INFO     | hn_tracker | Run complete. Inserted 30 rows this run (720 total rows in database).
2026-07-27 19:41:44 | INFO     | hn_tracker | === Pipeline run finished ===
2026-07-28 02:51:28 | INFO     | hn_tracker | === Pipeline run started ===
2026-07-28 02:51:28 | INFO     | hn_tracker | Fetching page 1: https://news.ycombinator.com
2026-07-28 02:51:28 | INFO     | hn_tracker | Found 30 story rows in page.
2026-07-28 02:51:28 | INFO     | hn_tracker | Inserted 30 story snapshots from page 1.
2026-07-28 02:51:28 | INFO     | hn_tracker | Run complete. Inserted 30 rows this run (750 total rows in database).
2026-07-28 02:51:28 | INFO     | hn_tracker | === Pipeline run finished ===
2026-07-28 08:42:18 | INFO     | hn_tracker | === Pipeline run started ===
2026-07-28 08:42:18 | INFO     | hn_tracker | Fetching page 1: https://news.ycombinator.com
2026-07-28 08:42:18 | INFO     | hn_tracker | Found 30 story rows in page.
2026-07-28 08:42:18 | INFO     | hn_tracker | Inserted 30 story snapshots from page 1.
2026-07-28 08:42:18 | INFO     | hn_tracker | Run complete. Inserted 30 rows this run (780 total rows in database).
2026-07-28 08:42:18 | INFO     | hn_tracker | === Pipeline run finished ===
2026-07-28 14:20:27 | INFO     | hn_tracker | === Pipeline run started ===
2026-07-28 14:20:27 | INFO     | hn_tracker | Fetching page 1: https://news.ycombinator.com
2026-07-28 14:20:27 | INFO     | hn_tracker | Found 30 story rows in page.
2026-07-28 14:20:27 | INFO     | hn_tracker | Inserted 30 story snapshots from page 1.
2026-07-28 14:20:27 | INFO     | hn_tracker | Run complete. Inserted 30 rows this run (810 total rows in database).
2026-07-28 14:20:27 | INFO     | hn_tracker | === Pipeline run finished ===
2026-07-28 19:39:06 | INFO     | hn_tracker | === Pipeline run started ===
2026-07-28 19:39:06 | INFO     | hn_tracker | Fetching page 1: https://news.ycombinator.com
2026-07-28 19:39:06 | INFO     | hn_tracker | Found 30 story rows in page.
2026-07-28 19:39:06 | INFO     | hn_tracker | Inserted 30 story snapshots from page 1.
2026-07-28 19:39:06 | INFO     | hn_tracker | Run complete. Inserted 30 rows this run (840 total rows in database).
2026-07-28 19:39:06 | INFO     | hn_tracker | === Pipeline run finished ===
2026-07-29 03:11:25 | INFO     | hn_tracker | === Pipeline run started ===
2026-07-29 03:11:25 | INFO     | hn_tracker | Fetching page 1: https://news.ycombinator.com
2026-07-29 03:11:25 | INFO     | hn_tracker | Found 30 story rows in page.
2026-07-29 03:11:25 | INFO     | hn_tracker | Inserted 30 story snapshots from page 1.
2026-07-29 03:11:25 | INFO     | hn_tracker | Run complete. Inserted 30 rows this run (870 total rows in database).
2026-07-29 03:11:25 | INFO     | hn_tracker | === Pipeline run finished ===
